
> nextjs-course@0.1.0 build
> next build

Γû▓ Next.js 16.2.0 (Turbopack)

  Creating an optimized production build ...
node.exe : Turbopack 
build encountered 1 
warnings:
At line:1 char:1
+ & "C:\Program 
Files\nodejs/node.exe" 
"C:\Program 
Files\nodejs/node_mo ...
+ ~~~~~~~~~~~~~~~~~~~~~~~~
~~~~~~~~~~~~~~~~~~~~~~~~~~
~~~~~~~~~~~~~~~~~~~
    + CategoryInfo        
      : NotSpecified: (T  
  urbopack build encoun   
 tered 1 warnings::Str    
ing) [], RemoteExcept    
ion
    + FullyQualifiedError 
   Id : NativeCommandErr  
  or
 
[next]/internal/font/googl
e/4fa387ec64143e14-s.woff2
Error while requesting 
resource
There was an issue 
requesting https://fonts.g
static.com/s/geistmono/v4/
or3nQ6H-1_WfwkMZI_qYFrMdmh
HkjkotbA.woff2



> Build error occurred
Error: Turbopack build 
failed with 1 errors:
[next]/internal/font/googl
e/geist_mono_8d43a2aa.modu
le.css:7:8
Module not found: Can't 
resolve '@vercel/turbopack
-next/internal/font/google
/font'
  [90m 5 |[0m   
font-weight: [35m100[0m 
[35m900[0m;
  [90m 6 |[0m   
font-display: swap;
[31m[1m>[0m [90m 7 
|[0m   src: url(@vercel/t
urbopack-next/internal/fon
t/google/font?{%[35m22[0
murl%[35m22[0m:%[35m22
[0mhttps:[90m//fonts.gs..
.[0m
  [90m   |[0m        
[31m[1m^[0m
  [90m 8 |[0m   
unicode-range: 
[33mU[0m+[35m0301[0m, 
[33mU[0m+[35m0400[0m-
[35m045[0m[33mF[0m, [3
3mU[0m+[35m0490[0m-[35
m0491[0m, [33mU[0m+[35
m04[0m[33mB0[0m-[35m04
[0m[33mB1[0m, 
[33mU[0m+[35m2116[0m;
  [90m 9 |[0m }
  [90m10 |[0m [90m/* 
latin-ext */[0m

Import map: Resolved by 
import map


Import trace:
  Server Component:
    [next]/internal/font/g
oogle/geist_mono_8d43a2aa.
module.css
    [next]/internal/font/g
oogle/geist_mono_8d43a2aa.
js
    ./app/layout.tsx

https://nextjs.org/docs/me
ssages/module-not-found


    at <unknown> ([next]/i
nternal/font/google/geist_
mono_8d43a2aa.module.css:7
:8)
    at <unknown> (https://
nextjs.org/docs/messages/m
odule-not-found)
